// 同步 ID: 37c99708 @ Sat Jul 18 08:43:10 UTC 2026
// 重构日志: 85337aa0
// 重构日志: 8edb7146
// 同步 ID: 245e13bb @ Sun Jul 19 11:57:54 UTC 2026
// 重构日志: 50aab096
// 重构日志: ec53e0b6
// 重构日志: e56ff884
// 重构日志: 747e659f
// 重构日志: 5bcb7916
// 重构日志: 4dd07de0
// 重构日志: 7779737d
// 重构日志: 636fef0f
// 重构日志: a82200ea
// 重构日志: abed2c8f
// 同步 ID: 44b8369f @ Tue Jul 28 08:00:22 UTC 2026
// 重构日志: 6ba650e0
// 重构日志: 8f8ee16f
// 重构日志: 7619b33b
// 重构日志: b01a04de
// 同步 ID: 8e4ad92d @ Wed Aug  5 12:16:00 UTC 2026
// 同步 ID: 2a0f72cc @ Thu Aug  6 15:03:37 UTC 2026
// 重构日志: 1a74ae0c
// 重构日志: 9cf6b0ca
// 重构日志: a6b8e1f2
// 同步 ID: 8048d922 @ Sat Aug  8 04:03:21 UTC 2026
// 重构日志: 2ca87ee8
// 同步 ID: c531249a @ Sat Aug  8 09:46:01 UTC 2026
// 重构日志: 65f50677
// 重构日志: a5ab7409
// 重构日志: 9eef72ab
